------------------------------------------------------------
TimeQuest Timing Analyzer Summary
------------------------------------------------------------

Type  : Slow 1100mV 85C Model Setup 'key:comb_4|KEY'
Slack : -10.012
TNS   : -2351.795

Type  : Slow 1100mV 85C Model Setup 'times[3]'
Slack : -7.180
TNS   : -143.815

Type  : Slow 1100mV 85C Model Setup 'clock'
Slack : -6.513
TNS   : -1111.468

Type  : Slow 1100mV 85C Model Setup 'cancel'
Slack : -4.183
TNS   : -7.758

Type  : Slow 1100mV 85C Model Setup 'div_clk_1s'
Slack : -3.751
TNS   : -69.790

Type  : Slow 1100mV 85C Model Setup 'div_clk_10k'
Slack : -2.521
TNS   : -11.637

Type  : Slow 1100mV 85C Model Hold 'div_clk_10k'
Slack : 0.193
TNS   : 0.000

Type  : Slow 1100mV 85C Model Hold 'key:comb_4|KEY'
Slack : 0.319
TNS   : 0.000

Type  : Slow 1100mV 85C Model Hold 'clock'
Slack : 0.424
TNS   : 0.000

Type  : Slow 1100mV 85C Model Hold 'div_clk_1s'
Slack : 0.774
TNS   : 0.000

Type  : Slow 1100mV 85C Model Hold 'times[3]'
Slack : 0.954
TNS   : 0.000

Type  : Slow 1100mV 85C Model Hold 'cancel'
Slack : 1.144
TNS   : 0.000

Type  : Slow 1100mV 85C Model Recovery 'key:comb_4|KEY'
Slack : -4.465
TNS   : -8.480

Type  : Slow 1100mV 85C Model Recovery 'clock'
Slack : -2.377
TNS   : -9.472

Type  : Slow 1100mV 85C Model Removal 'clock'
Slack : 1.082
TNS   : 0.000

Type  : Slow 1100mV 85C Model Removal 'key:comb_4|KEY'
Slack : 2.628
TNS   : 0.000

Type  : Slow 1100mV 85C Model Minimum Pulse Width 'clock'
Slack : -0.629
TNS   : -216.132

Type  : Slow 1100mV 85C Model Minimum Pulse Width 'key:comb_4|KEY'
Slack : -0.538
TNS   : -244.455

Type  : Slow 1100mV 85C Model Minimum Pulse Width 'div_clk_1s'
Slack : -0.538
TNS   : -19.188

Type  : Slow 1100mV 85C Model Minimum Pulse Width 'div_clk_10k'
Slack : -0.538
TNS   : -5.558

Type  : Slow 1100mV 85C Model Minimum Pulse Width 'cancel'
Slack : 0.076
TNS   : 0.000

Type  : Slow 1100mV 85C Model Minimum Pulse Width 'times[3]'
Slack : 0.235
TNS   : 0.000

Type  : Slow 1100mV 0C Model Setup 'key:comb_4|KEY'
Slack : -10.096
TNS   : -2396.947

Type  : Slow 1100mV 0C Model Setup 'times[3]'
Slack : -7.000
TNS   : -140.690

Type  : Slow 1100mV 0C Model Setup 'clock'
Slack : -6.678
TNS   : -1118.067

Type  : Slow 1100mV 0C Model Setup 'cancel'
Slack : -3.882
TNS   : -7.460

Type  : Slow 1100mV 0C Model Setup 'div_clk_1s'
Slack : -3.641
TNS   : -68.134

Type  : Slow 1100mV 0C Model Setup 'div_clk_10k'
Slack : -2.534
TNS   : -11.722

Type  : Slow 1100mV 0C Model Hold 'key:comb_4|KEY'
Slack : 0.280
TNS   : 0.000

Type  : Slow 1100mV 0C Model Hold 'div_clk_10k'
Slack : 0.360
TNS   : 0.000

Type  : Slow 1100mV 0C Model Hold 'clock'
Slack : 0.430
TNS   : 0.000

Type  : Slow 1100mV 0C Model Hold 'div_clk_1s'
Slack : 0.745
TNS   : 0.000

Type  : Slow 1100mV 0C Model Hold 'times[3]'
Slack : 0.801
TNS   : 0.000

Type  : Slow 1100mV 0C Model Hold 'cancel'
Slack : 0.804
TNS   : 0.000

Type  : Slow 1100mV 0C Model Recovery 'key:comb_4|KEY'
Slack : -4.420
TNS   : -8.392

Type  : Slow 1100mV 0C Model Recovery 'clock'
Slack : -1.977
TNS   : -7.882

Type  : Slow 1100mV 0C Model Removal 'clock'
Slack : 0.633
TNS   : 0.000

Type  : Slow 1100mV 0C Model Removal 'key:comb_4|KEY'
Slack : 2.539
TNS   : 0.000

Type  : Slow 1100mV 0C Model Minimum Pulse Width 'clock'
Slack : -0.657
TNS   : -221.180

Type  : Slow 1100mV 0C Model Minimum Pulse Width 'key:comb_4|KEY'
Slack : -0.538
TNS   : -240.860

Type  : Slow 1100mV 0C Model Minimum Pulse Width 'div_clk_1s'
Slack : -0.538
TNS   : -19.094

Type  : Slow 1100mV 0C Model Minimum Pulse Width 'div_clk_10k'
Slack : -0.538
TNS   : -5.388

Type  : Slow 1100mV 0C Model Minimum Pulse Width 'cancel'
Slack : 0.047
TNS   : 0.000

Type  : Slow 1100mV 0C Model Minimum Pulse Width 'times[3]'
Slack : 0.311
TNS   : 0.000

Type  : Fast 1100mV 85C Model Setup 'key:comb_4|KEY'
Slack : -5.246
TNS   : -1168.057

Type  : Fast 1100mV 85C Model Setup 'clock'
Slack : -3.587
TNS   : -415.561

Type  : Fast 1100mV 85C Model Setup 'times[3]'
Slack : -3.470
TNS   : -67.607

Type  : Fast 1100mV 85C Model Setup 'cancel'
Slack : -1.779
TNS   : -3.162

Type  : Fast 1100mV 85C Model Setup 'div_clk_1s'
Slack : -1.639
TNS   : -27.451

Type  : Fast 1100mV 85C Model Setup 'div_clk_10k'
Slack : -1.056
TNS   : -4.142

Type  : Fast 1100mV 85C Model Hold 'div_clk_10k'
Slack : -0.104
TNS   : -0.118

Type  : Fast 1100mV 85C Model Hold 'key:comb_4|KEY'
Slack : 0.106
TNS   : 0.000

Type  : Fast 1100mV 85C Model Hold 'clock'
Slack : 0.132
TNS   : 0.000

Type  : Fast 1100mV 85C Model Hold 'cancel'
Slack : 0.251
TNS   : 0.000

Type  : Fast 1100mV 85C Model Hold 'times[3]'
Slack : 0.287
TNS   : 0.000

Type  : Fast 1100mV 85C Model Hold 'div_clk_1s'
Slack : 0.302
TNS   : 0.000

Type  : Fast 1100mV 85C Model Recovery 'key:comb_4|KEY'
Slack : -2.689
TNS   : -5.034

Type  : Fast 1100mV 85C Model Recovery 'clock'
Slack : -1.064
TNS   : -4.195

Type  : Fast 1100mV 85C Model Removal 'clock'
Slack : 0.208
TNS   : 0.000

Type  : Fast 1100mV 85C Model Removal 'key:comb_4|KEY'
Slack : 1.063
TNS   : 0.000

Type  : Fast 1100mV 85C Model Minimum Pulse Width 'clock'
Slack : -0.560
TNS   : -27.842

Type  : Fast 1100mV 85C Model Minimum Pulse Width 'cancel'
Slack : -0.192
TNS   : -0.977

Type  : Fast 1100mV 85C Model Minimum Pulse Width 'key:comb_4|KEY'
Slack : -0.148
TNS   : -17.385

Type  : Fast 1100mV 85C Model Minimum Pulse Width 'div_clk_10k'
Slack : -0.071
TNS   : -0.334

Type  : Fast 1100mV 85C Model Minimum Pulse Width 'div_clk_1s'
Slack : 0.047
TNS   : 0.000

Type  : Fast 1100mV 85C Model Minimum Pulse Width 'times[3]'
Slack : 0.313
TNS   : 0.000

Type  : Fast 1100mV 0C Model Setup 'key:comb_4|KEY'
Slack : -4.791
TNS   : -1079.090

Type  : Fast 1100mV 0C Model Setup 'clock'
Slack : -3.256
TNS   : -367.255

Type  : Fast 1100mV 0C Model Setup 'times[3]'
Slack : -3.012
TNS   : -58.650

Type  : Fast 1100mV 0C Model Setup 'div_clk_1s'
Slack : -1.430
TNS   : -23.905

Type  : Fast 1100mV 0C Model Setup 'cancel'
Slack : -1.387
TNS   : -2.488

Type  : Fast 1100mV 0C Model Setup 'div_clk_10k'
Slack : -0.917
TNS   : -3.566

Type  : Fast 1100mV 0C Model Hold 'div_clk_10k'
Slack : -0.100
TNS   : -0.100

Type  : Fast 1100mV 0C Model Hold 'clock'
Slack : -0.092
TNS   : -0.276

Type  : Fast 1100mV 0C Model Hold 'key:comb_4|KEY'
Slack : 0.084
TNS   : 0.000

Type  : Fast 1100mV 0C Model Hold 'cancel'
Slack : 0.086
TNS   : 0.000

Type  : Fast 1100mV 0C Model Hold 'times[3]'
Slack : 0.199
TNS   : 0.000

Type  : Fast 1100mV 0C Model Hold 'div_clk_1s'
Slack : 0.277
TNS   : 0.000

Type  : Fast 1100mV 0C Model Recovery 'key:comb_4|KEY'
Slack : -2.511
TNS   : -4.721

Type  : Fast 1100mV 0C Model Recovery 'clock'
Slack : -0.701
TNS   : -2.753

Type  : Fast 1100mV 0C Model Removal 'clock'
Slack : -0.025
TNS   : -0.025

Type  : Fast 1100mV 0C Model Removal 'key:comb_4|KEY'
Slack : 1.005
TNS   : 0.000

Type  : Fast 1100mV 0C Model Minimum Pulse Width 'clock'
Slack : -0.535
TNS   : -28.040

Type  : Fast 1100mV 0C Model Minimum Pulse Width 'cancel'
Slack : -0.166
TNS   : -0.846

Type  : Fast 1100mV 0C Model Minimum Pulse Width 'key:comb_4|KEY'
Slack : -0.081
TNS   : -7.691

Type  : Fast 1100mV 0C Model Minimum Pulse Width 'div_clk_10k'
Slack : -0.021
TNS   : -0.079

Type  : Fast 1100mV 0C Model Minimum Pulse Width 'div_clk_1s'
Slack : 0.071
TNS   : 0.000

Type  : Fast 1100mV 0C Model Minimum Pulse Width 'times[3]'
Slack : 0.352
TNS   : 0.000

------------------------------------------------------------
