------------------------------------------------------------
TimeQuest Timing Analyzer Summary
------------------------------------------------------------

Type  : Slow 1100mV 85C Model Setup 'key:comb_4|KEY'
Slack : -9.992
TNS   : -2421.622

Type  : Slow 1100mV 85C Model Setup 'times[3]'
Slack : -7.064
TNS   : -136.957

Type  : Slow 1100mV 85C Model Setup 'clock'
Slack : -6.389
TNS   : -1204.167

Type  : Slow 1100mV 85C Model Setup 'cancel'
Slack : -4.194
TNS   : -8.028

Type  : Slow 1100mV 85C Model Setup 'div_clk_1s'
Slack : -3.169
TNS   : -62.463

Type  : Slow 1100mV 85C Model Setup 'div_clk_10k'
Slack : -2.377
TNS   : -8.315

Type  : Slow 1100mV 85C Model Hold 'div_clk_10k'
Slack : -0.875
TNS   : -0.875

Type  : Slow 1100mV 85C Model Hold 'key:comb_4|KEY'
Slack : 0.286
TNS   : 0.000

Type  : Slow 1100mV 85C Model Hold 'clock'
Slack : 0.421
TNS   : 0.000

Type  : Slow 1100mV 85C Model Hold 'div_clk_1s'
Slack : 0.799
TNS   : 0.000

Type  : Slow 1100mV 85C Model Hold 'times[3]'
Slack : 0.811
TNS   : 0.000

Type  : Slow 1100mV 85C Model Hold 'cancel'
Slack : 1.242
TNS   : 0.000

Type  : Slow 1100mV 85C Model Recovery 'key:comb_4|KEY'
Slack : -3.922
TNS   : -7.796

Type  : Slow 1100mV 85C Model Recovery 'clock'
Slack : -2.551
TNS   : -9.928

Type  : Slow 1100mV 85C Model Removal 'clock'
Slack : 1.068
TNS   : 0.000

Type  : Slow 1100mV 85C Model Removal 'key:comb_4|KEY'
Slack : 2.635
TNS   : 0.000

Type  : Slow 1100mV 85C Model Minimum Pulse Width 'key:comb_4|KEY'
Slack : -0.595
TNS   : -254.370

Type  : Slow 1100mV 85C Model Minimum Pulse Width 'clock'
Slack : -0.538
TNS   : -260.442

Type  : Slow 1100mV 85C Model Minimum Pulse Width 'div_clk_1s'
Slack : -0.538
TNS   : -19.921

Type  : Slow 1100mV 85C Model Minimum Pulse Width 'div_clk_10k'
Slack : -0.538
TNS   : -4.111

Type  : Slow 1100mV 85C Model Minimum Pulse Width 'cancel'
Slack : 0.071
TNS   : 0.000

Type  : Slow 1100mV 85C Model Minimum Pulse Width 'times[3]'
Slack : 0.384
TNS   : 0.000

Type  : Slow 1100mV 0C Model Setup 'key:comb_4|KEY'
Slack : -10.191
TNS   : -2455.849

Type  : Slow 1100mV 0C Model Setup 'times[3]'
Slack : -6.703
TNS   : -133.061

Type  : Slow 1100mV 0C Model Setup 'clock'
Slack : -6.591
TNS   : -1203.855

Type  : Slow 1100mV 0C Model Setup 'cancel'
Slack : -4.178
TNS   : -7.958

Type  : Slow 1100mV 0C Model Setup 'div_clk_1s'
Slack : -3.267
TNS   : -63.271

Type  : Slow 1100mV 0C Model Setup 'div_clk_10k'
Slack : -2.414
TNS   : -8.384

Type  : Slow 1100mV 0C Model Hold 'div_clk_10k'
Slack : -0.701
TNS   : -0.701

Type  : Slow 1100mV 0C Model Hold 'key:comb_4|KEY'
Slack : 0.257
TNS   : 0.000

Type  : Slow 1100mV 0C Model Hold 'clock'
Slack : 0.431
TNS   : 0.000

Type  : Slow 1100mV 0C Model Hold 'times[3]'
Slack : 0.667
TNS   : 0.000

Type  : Slow 1100mV 0C Model Hold 'div_clk_1s'
Slack : 0.802
TNS   : 0.000

Type  : Slow 1100mV 0C Model Hold 'cancel'
Slack : 1.025
TNS   : 0.000

Type  : Slow 1100mV 0C Model Recovery 'key:comb_4|KEY'
Slack : -3.867
TNS   : -7.682

Type  : Slow 1100mV 0C Model Recovery 'clock'
Slack : -2.170
TNS   : -8.370

Type  : Slow 1100mV 0C Model Removal 'clock'
Slack : 0.584
TNS   : 0.000

Type  : Slow 1100mV 0C Model Removal 'key:comb_4|KEY'
Slack : 2.559
TNS   : 0.000

Type  : Slow 1100mV 0C Model Minimum Pulse Width 'key:comb_4|KEY'
Slack : -0.541
TNS   : -245.399

Type  : Slow 1100mV 0C Model Minimum Pulse Width 'clock'
Slack : -0.538
TNS   : -268.346

Type  : Slow 1100mV 0C Model Minimum Pulse Width 'div_clk_1s'
Slack : -0.538
TNS   : -19.479

Type  : Slow 1100mV 0C Model Minimum Pulse Width 'div_clk_10k'
Slack : -0.538
TNS   : -4.033

Type  : Slow 1100mV 0C Model Minimum Pulse Width 'cancel'
Slack : 0.057
TNS   : 0.000

Type  : Slow 1100mV 0C Model Minimum Pulse Width 'times[3]'
Slack : 0.385
TNS   : 0.000

Type  : Fast 1100mV 85C Model Setup 'key:comb_4|KEY'
Slack : -5.070
TNS   : -1229.144

Type  : Fast 1100mV 85C Model Setup 'times[3]'
Slack : -3.487
TNS   : -62.636

Type  : Fast 1100mV 85C Model Setup 'clock'
Slack : -3.432
TNS   : -434.220

Type  : Fast 1100mV 85C Model Setup 'cancel'
Slack : -1.721
TNS   : -3.306

Type  : Fast 1100mV 85C Model Setup 'div_clk_1s'
Slack : -1.179
TNS   : -22.887

Type  : Fast 1100mV 85C Model Setup 'div_clk_10k'
Slack : -0.922
TNS   : -2.691

Type  : Fast 1100mV 85C Model Hold 'div_clk_10k'
Slack : -0.663
TNS   : -0.663

Type  : Fast 1100mV 85C Model Hold 'key:comb_4|KEY'
Slack : 0.106
TNS   : 0.000

Type  : Fast 1100mV 85C Model Hold 'clock'
Slack : 0.182
TNS   : 0.000

Type  : Fast 1100mV 85C Model Hold 'times[3]'
Slack : 0.204
TNS   : 0.000

Type  : Fast 1100mV 85C Model Hold 'div_clk_1s'
Slack : 0.295
TNS   : 0.000

Type  : Fast 1100mV 85C Model Hold 'cancel'
Slack : 0.356
TNS   : 0.000

Type  : Fast 1100mV 85C Model Recovery 'key:comb_4|KEY'
Slack : -2.325
TNS   : -4.569

Type  : Fast 1100mV 85C Model Recovery 'clock'
Slack : -1.086
TNS   : -4.284

Type  : Fast 1100mV 85C Model Removal 'clock'
Slack : 0.252
TNS   : 0.000

Type  : Fast 1100mV 85C Model Removal 'key:comb_4|KEY'
Slack : 1.096
TNS   : 0.000

Type  : Fast 1100mV 85C Model Minimum Pulse Width 'clock'
Slack : -0.481
TNS   : -32.438

Type  : Fast 1100mV 85C Model Minimum Pulse Width 'cancel'
Slack : -0.232
TNS   : -0.993

Type  : Fast 1100mV 85C Model Minimum Pulse Width 'key:comb_4|KEY'
Slack : -0.206
TNS   : -23.348

Type  : Fast 1100mV 85C Model Minimum Pulse Width 'div_clk_1s'
Slack : 0.014
TNS   : 0.000

Type  : Fast 1100mV 85C Model Minimum Pulse Width 'div_clk_10k'
Slack : 0.047
TNS   : 0.000

Type  : Fast 1100mV 85C Model Minimum Pulse Width 'times[3]'
Slack : 0.366
TNS   : 0.000

Type  : Fast 1100mV 0C Model Setup 'key:comb_4|KEY'
Slack : -4.635
TNS   : -1127.667

Type  : Fast 1100mV 0C Model Setup 'clock'
Slack : -3.109
TNS   : -380.729

Type  : Fast 1100mV 0C Model Setup 'times[3]'
Slack : -3.037
TNS   : -54.402

Type  : Fast 1100mV 0C Model Setup 'cancel'
Slack : -1.384
TNS   : -2.709

Type  : Fast 1100mV 0C Model Setup 'div_clk_1s'
Slack : -1.062
TNS   : -20.325

Type  : Fast 1100mV 0C Model Setup 'div_clk_10k'
Slack : -0.808
TNS   : -2.291

Type  : Fast 1100mV 0C Model Hold 'div_clk_10k'
Slack : -0.597
TNS   : -0.597

Type  : Fast 1100mV 0C Model Hold 'clock'
Slack : -0.063
TNS   : -0.185

Type  : Fast 1100mV 0C Model Hold 'key:comb_4|KEY'
Slack : 0.079
TNS   : 0.000

Type  : Fast 1100mV 0C Model Hold 'times[3]'
Slack : 0.133
TNS   : 0.000

Type  : Fast 1100mV 0C Model Hold 'cancel'
Slack : 0.215
TNS   : 0.000

Type  : Fast 1100mV 0C Model Hold 'div_clk_1s'
Slack : 0.270
TNS   : 0.000

Type  : Fast 1100mV 0C Model Recovery 'key:comb_4|KEY'
Slack : -2.194
TNS   : -4.327

Type  : Fast 1100mV 0C Model Recovery 'clock'
Slack : -0.710
TNS   : -2.775

Type  : Fast 1100mV 0C Model Removal 'clock'
Slack : -0.014
TNS   : -0.014

Type  : Fast 1100mV 0C Model Removal 'key:comb_4|KEY'
Slack : 1.037
TNS   : 0.000

Type  : Fast 1100mV 0C Model Minimum Pulse Width 'clock'
Slack : -0.481
TNS   : -32.785

Type  : Fast 1100mV 0C Model Minimum Pulse Width 'cancel'
Slack : -0.190
TNS   : -0.823

Type  : Fast 1100mV 0C Model Minimum Pulse Width 'key:comb_4|KEY'
Slack : -0.118
TNS   : -9.406

Type  : Fast 1100mV 0C Model Minimum Pulse Width 'div_clk_1s'
Slack : 0.046
TNS   : 0.000

Type  : Fast 1100mV 0C Model Minimum Pulse Width 'div_clk_10k'
Slack : 0.071
TNS   : 0.000

Type  : Fast 1100mV 0C Model Minimum Pulse Width 'times[3]'
Slack : 0.393
TNS   : 0.000

------------------------------------------------------------
